<html>
<body>
<pre>
<h1>µVision Build Log</h1>
<h2>Tool Versions:</h2>
IDE-Version: µVision V5.37.0.0
Copyright (C) 2022 ARM Ltd and ARM Germany GmbH. All rights reserved.
License Information: MWS RC, MWS Research centre, LIC=0VRJ7-ELQ7Z-GQK0H-W18H4-BIKFU-X354N
 
Tool Versions:
Toolchain:       MDK-ARM Professional  Version: 5.37.0.0
Toolchain Path:  C:\Keil_v5\ARM\ARMCC\Bin
C Compiler:      Armcc.exe V5.06 update 4 (build 422)
Assembler:       Armasm.exe V5.06 update 4 (build 422)
Linker/Locator:  ArmLink.exe V5.06 update 4 (build 422)
Library Manager: ArmAr.exe V5.06 update 4 (build 422)
Hex Converter:   FromElf.exe V5.06 update 4 (build 422)
CPU DLL:         SARMCM3.DLL V5.37.0.0
Dialog DLL:      DARMCM1.DLL V1.19.6.0
Target DLL:      Nu_Link.dll V3.01
Dialog DLL:      TARMCM1.DLL V1.14.6.0
 
<h2>Project:</h2>
D:\OneDrive - MWS Research Centre\BitBucket\master\poc\cicd_poc\KEIL\CICD_POC.uvproj
Project File Date:  09/19/2025

<h2>Output:</h2>
*** Using Compiler 'V5.06 update 4 (build 422)', folder: 'C:\Keil_v5\ARM\ARMCC\Bin'
Build target 'FreeRTOS'
compiling CICD_POC.c...
linking...
Program Size: Code=5364 RO-data=612 RW-data=48 ZI-data=2048  
FromELF: creating hex file...
After Build - User command #1: fromelf --bin ".\obj\CICD_POC.axf" --output ".\obj\CICD_POC.bin"
After Build - User command #2: fromelf --text -c ".\obj\CICD_POC.axf" --output ".\obj\CICD_POC.txt"
".\obj\CICD_POC.axf" - 0 Error(s), 0 Warning(s).
Build Time Elapsed:  00:00:04
</pre>
</body>
</html>
