Component: ARM Compiler 5.06 update 4 (build 422) Tool: armlink [4d35d2]

==============================================================================

Section Cross References

    system_m480.o(.text) refers to clk.o(.text) for CLK_GetPLLClockFreq
    system_m480.o(.text) refers to system_m480.o(.data) for .data
    startup_m480.o(RESET) refers to startup_m480.o(STACK) for __initial_sp
    startup_m480.o(RESET) refers to startup_m480.o(.text) for Reset_Handler
    startup_m480.o(RESET) refers to retarget.o(.emb_text) for HardFault_Handler
    startup_m480.o(.text) refers to system_m480.o(.text) for SystemInit
    startup_m480.o(.text) refers to entry.o(.ARM.Collect$$$$00000000) for __main
    cicd_poc.o(.text) refers to clk.o(.text) for CLK_EnableXtalRC
    cicd_poc.o(.text) refers to uart.o(.text) for UART_Open
    cicd_poc.o(.text) refers to printf5.o(i.__0printf$5) for __2printf
    cicd_poc.o(.text) refers to gpio.o(.text) for GPIO_SetMode
    cicd_poc.o(.text) refers to system_m480.o(.data) for SystemCoreClock
    retarget.o(.emb_text) refers to retarget.o(.text) for Hard_Fault_Handler
    retarget.o(.text) refers to printf5.o(i.__0printf$5) for __2printf
    uart.o(.text) refers to clk.o(.text) for CLK_GetPLLClockFreq
    uart.o(.text) refers to uart.o(.constdata) for .constdata
    clk.o(.text) refers to system_m480.o(.text) for SystemCoreClockUpdate
    clk.o(.text) refers to system_m480.o(.data) for SystemCoreClock
    clk.o(.text) refers to clk.o(.constdata) for .constdata
    timer.o(.text) refers to memcpya.o(.text) for __aeabi_memcpy4
    timer.o(.text) refers to clk.o(.text) for CLK_GetPCLK0Freq
    timer.o(.text) refers to timer.o(.constdata) for .constdata
    timer.o(.text) refers to system_m480.o(.data) for SystemCoreClock
    spi.o(.text) refers to clk.o(.text) for CLK_GetHCLKFreq
    i2c.o(.text) refers to clk.o(.text) for CLK_GetPCLK1Freq
    entry.o(.ARM.Collect$$$$00000000) refers (Special) to entry10a.o(.ARM.Collect$$$$0000000D) for __rt_final_cpp
    entry.o(.ARM.Collect$$$$00000000) refers (Special) to entry11a.o(.ARM.Collect$$$$0000000F) for __rt_final_exit
    entry.o(.ARM.Collect$$$$00000000) refers (Special) to entry7b.o(.ARM.Collect$$$$00000008) for _main_clock
    entry.o(.ARM.Collect$$$$00000000) refers (Special) to entry8b.o(.ARM.Collect$$$$0000000A) for _main_cpp_init
    entry.o(.ARM.Collect$$$$00000000) refers (Special) to entry9a.o(.ARM.Collect$$$$0000000B) for _main_init
    entry.o(.ARM.Collect$$$$00000000) refers (Special) to entry5.o(.ARM.Collect$$$$00000004) for _main_scatterload
    entry.o(.ARM.Collect$$$$00000000) refers (Special) to entry2.o(.ARM.Collect$$$$00000001) for _main_stk
    printfb.o(i.__0fprintf$bare) refers to printfb.o(i._printf_core) for _printf_core
    printfb.o(i.__0fprintf$bare) refers to retarget.o(.text) for fputc
    printfb.o(i.__0printf$bare) refers to printfb.o(i._printf_core) for _printf_core
    printfb.o(i.__0printf$bare) refers to retarget.o(.text) for fputc
    printfb.o(i.__0printf$bare) refers to retarget.o(.data) for __stdout
    printfb.o(i.__0snprintf$bare) refers to printfb.o(i._printf_core) for _printf_core
    printfb.o(i.__0snprintf$bare) refers to printfb.o(i._snputc) for _snputc
    printfb.o(i.__0sprintf$bare) refers to printfb.o(i._printf_core) for _printf_core
    printfb.o(i.__0sprintf$bare) refers to printfb.o(i._sputc) for _sputc
    printfb.o(i.__0vfprintf$bare) refers to printfb.o(i._printf_core) for _printf_core
    printfb.o(i.__0vfprintf$bare) refers to retarget.o(.text) for fputc
    printfb.o(i.__0vprintf$bare) refers to printfb.o(i._printf_core) for _printf_core
    printfb.o(i.__0vprintf$bare) refers to retarget.o(.text) for fputc
    printfb.o(i.__0vprintf$bare) refers to retarget.o(.data) for __stdout
    printfb.o(i.__0vsnprintf$bare) refers to printfb.o(i._printf_core) for _printf_core
    printfb.o(i.__0vsnprintf$bare) refers to printfb.o(i._snputc) for _snputc
    printfb.o(i.__0vsprintf$bare) refers to printfb.o(i._printf_core) for _printf_core
    printfb.o(i.__0vsprintf$bare) refers to printfb.o(i._sputc) for _sputc
    printf0.o(i.__0fprintf$0) refers to printf0.o(i._printf_core) for _printf_core
    printf0.o(i.__0fprintf$0) refers to retarget.o(.text) for fputc
    printf0.o(i.__0printf$0) refers to printf0.o(i._printf_core) for _printf_core
    printf0.o(i.__0printf$0) refers to retarget.o(.text) for fputc
    printf0.o(i.__0printf$0) refers to retarget.o(.data) for __stdout
    printf0.o(i.__0snprintf$0) refers to printf0.o(i._printf_core) for _printf_core
    printf0.o(i.__0snprintf$0) refers to printf0.o(i._snputc) for _snputc
    printf0.o(i.__0sprintf$0) refers to printf0.o(i._printf_core) for _printf_core
    printf0.o(i.__0sprintf$0) refers to printf0.o(i._sputc) for _sputc
    printf0.o(i.__0vfprintf$0) refers to printf0.o(i._printf_core) for _printf_core
    printf0.o(i.__0vfprintf$0) refers to retarget.o(.text) for fputc
    printf0.o(i.__0vprintf$0) refers to printf0.o(i._printf_core) for _printf_core
    printf0.o(i.__0vprintf$0) refers to retarget.o(.text) for fputc
    printf0.o(i.__0vprintf$0) refers to retarget.o(.data) for __stdout
    printf0.o(i.__0vsnprintf$0) refers to printf0.o(i._printf_core) for _printf_core
    printf0.o(i.__0vsnprintf$0) refers to printf0.o(i._snputc) for _snputc
    printf0.o(i.__0vsprintf$0) refers to printf0.o(i._printf_core) for _printf_core
    printf0.o(i.__0vsprintf$0) refers to printf0.o(i._sputc) for _sputc
    printf1.o(i.__0fprintf$1) refers to printf1.o(i._printf_core) for _printf_core
    printf1.o(i.__0fprintf$1) refers to retarget.o(.text) for fputc
    printf1.o(i.__0printf$1) refers to printf1.o(i._printf_core) for _printf_core
    printf1.o(i.__0printf$1) refers to retarget.o(.text) for fputc
    printf1.o(i.__0printf$1) refers to retarget.o(.data) for __stdout
    printf1.o(i.__0snprintf$1) refers to printf1.o(i._printf_core) for _printf_core
    printf1.o(i.__0snprintf$1) refers to printf1.o(i._snputc) for _snputc
    printf1.o(i.__0sprintf$1) refers to printf1.o(i._printf_core) for _printf_core
    printf1.o(i.__0sprintf$1) refers to printf1.o(i._sputc) for _sputc
    printf1.o(i.__0vfprintf$1) refers to printf1.o(i._printf_core) for _printf_core
    printf1.o(i.__0vfprintf$1) refers to retarget.o(.text) for fputc
    printf1.o(i.__0vprintf$1) refers to printf1.o(i._printf_core) for _printf_core
    printf1.o(i.__0vprintf$1) refers to retarget.o(.text) for fputc
    printf1.o(i.__0vprintf$1) refers to retarget.o(.data) for __stdout
    printf1.o(i.__0vsnprintf$1) refers to printf1.o(i._printf_core) for _printf_core
    printf1.o(i.__0vsnprintf$1) refers to printf1.o(i._snputc) for _snputc
    printf1.o(i.__0vsprintf$1) refers to printf1.o(i._printf_core) for _printf_core
    printf1.o(i.__0vsprintf$1) refers to printf1.o(i._sputc) for _sputc
    printf1.o(i._printf_core) refers to uidiv.o(.text) for __aeabi_uidivmod
    printf2.o(i.__0fprintf$2) refers to printf2.o(i._printf_core) for _printf_core
    printf2.o(i.__0fprintf$2) refers to retarget.o(.text) for fputc
    printf2.o(i.__0printf$2) refers to printf2.o(i._printf_core) for _printf_core
    printf2.o(i.__0printf$2) refers to retarget.o(.text) for fputc
    printf2.o(i.__0printf$2) refers to retarget.o(.data) for __stdout
    printf2.o(i.__0snprintf$2) refers to printf2.o(i._printf_core) for _printf_core
    printf2.o(i.__0snprintf$2) refers to printf2.o(i._snputc) for _snputc
    printf2.o(i.__0sprintf$2) refers to printf2.o(i._printf_core) for _printf_core
    printf2.o(i.__0sprintf$2) refers to printf2.o(i._sputc) for _sputc
    printf2.o(i.__0vfprintf$2) refers to printf2.o(i._printf_core) for _printf_core
    printf2.o(i.__0vfprintf$2) refers to retarget.o(.text) for fputc
    printf2.o(i.__0vprintf$2) refers to printf2.o(i._printf_core) for _printf_core
    printf2.o(i.__0vprintf$2) refers to retarget.o(.text) for fputc
    printf2.o(i.__0vprintf$2) refers to retarget.o(.data) for __stdout
    printf2.o(i.__0vsnprintf$2) refers to printf2.o(i._printf_core) for _printf_core
    printf2.o(i.__0vsnprintf$2) refers to printf2.o(i._snputc) for _snputc
    printf2.o(i.__0vsprintf$2) refers to printf2.o(i._printf_core) for _printf_core
    printf2.o(i.__0vsprintf$2) refers to printf2.o(i._sputc) for _sputc
    printf3.o(i.__0fprintf$3) refers to printf3.o(i._printf_core) for _printf_core
    printf3.o(i.__0fprintf$3) refers to retarget.o(.text) for fputc
    printf3.o(i.__0printf$3) refers to printf3.o(i._printf_core) for _printf_core
    printf3.o(i.__0printf$3) refers to retarget.o(.text) for fputc
    printf3.o(i.__0printf$3) refers to retarget.o(.data) for __stdout
    printf3.o(i.__0snprintf$3) refers to printf3.o(i._printf_core) for _printf_core
    printf3.o(i.__0snprintf$3) refers to printf3.o(i._snputc) for _snputc
    printf3.o(i.__0sprintf$3) refers to printf3.o(i._printf_core) for _printf_core
    printf3.o(i.__0sprintf$3) refers to printf3.o(i._sputc) for _sputc
    printf3.o(i.__0vfprintf$3) refers to printf3.o(i._printf_core) for _printf_core
    printf3.o(i.__0vfprintf$3) refers to retarget.o(.text) for fputc
    printf3.o(i.__0vprintf$3) refers to printf3.o(i._printf_core) for _printf_core
    printf3.o(i.__0vprintf$3) refers to retarget.o(.text) for fputc
    printf3.o(i.__0vprintf$3) refers to retarget.o(.data) for __stdout
    printf3.o(i.__0vsnprintf$3) refers to printf3.o(i._printf_core) for _printf_core
    printf3.o(i.__0vsnprintf$3) refers to printf3.o(i._snputc) for _snputc
    printf3.o(i.__0vsprintf$3) refers to printf3.o(i._printf_core) for _printf_core
    printf3.o(i.__0vsprintf$3) refers to printf3.o(i._sputc) for _sputc
    printf3.o(i._printf_core) refers to uidiv.o(.text) for __aeabi_uidivmod
    printf4.o(i.__0fprintf$4) refers to printf4.o(i._printf_core) for _printf_core
    printf4.o(i.__0fprintf$4) refers to retarget.o(.text) for fputc
    printf4.o(i.__0printf$4) refers to printf4.o(i._printf_core) for _printf_core
    printf4.o(i.__0printf$4) refers to retarget.o(.text) for fputc
    printf4.o(i.__0printf$4) refers to retarget.o(.data) for __stdout
    printf4.o(i.__0snprintf$4) refers to printf4.o(i._printf_core) for _printf_core
    printf4.o(i.__0snprintf$4) refers to printf4.o(i._snputc) for _snputc
    printf4.o(i.__0sprintf$4) refers to printf4.o(i._printf_core) for _printf_core
    printf4.o(i.__0sprintf$4) refers to printf4.o(i._sputc) for _sputc
    printf4.o(i.__0vfprintf$4) refers to printf4.o(i._printf_core) for _printf_core
    printf4.o(i.__0vfprintf$4) refers to retarget.o(.text) for fputc
    printf4.o(i.__0vprintf$4) refers to printf4.o(i._printf_core) for _printf_core
    printf4.o(i.__0vprintf$4) refers to retarget.o(.text) for fputc
    printf4.o(i.__0vprintf$4) refers to retarget.o(.data) for __stdout
    printf4.o(i.__0vsnprintf$4) refers to printf4.o(i._printf_core) for _printf_core
    printf4.o(i.__0vsnprintf$4) refers to printf4.o(i._snputc) for _snputc
    printf4.o(i.__0vsprintf$4) refers to printf4.o(i._printf_core) for _printf_core
    printf4.o(i.__0vsprintf$4) refers to printf4.o(i._sputc) for _sputc
    printf4.o(i._printf_core) refers to uldiv.o(.text) for __aeabi_uldivmod
    printf5.o(i.__0fprintf$5) refers to printf5.o(i._printf_core) for _printf_core
    printf5.o(i.__0fprintf$5) refers to retarget.o(.text) for fputc
    printf5.o(i.__0printf$5) refers to printf5.o(i._printf_core) for _printf_core
    printf5.o(i.__0printf$5) refers to retarget.o(.text) for fputc
    printf5.o(i.__0printf$5) refers to retarget.o(.data) for __stdout
    printf5.o(i.__0snprintf$5) refers to printf5.o(i._printf_core) for _printf_core
    printf5.o(i.__0snprintf$5) refers to printf5.o(i._snputc) for _snputc
    printf5.o(i.__0sprintf$5) refers to printf5.o(i._printf_core) for _printf_core
    printf5.o(i.__0sprintf$5) refers to printf5.o(i._sputc) for _sputc
    printf5.o(i.__0vfprintf$5) refers to printf5.o(i._printf_core) for _printf_core
    printf5.o(i.__0vfprintf$5) refers to retarget.o(.text) for fputc
    printf5.o(i.__0vprintf$5) refers to printf5.o(i._printf_core) for _printf_core
    printf5.o(i.__0vprintf$5) refers to retarget.o(.text) for fputc
    printf5.o(i.__0vprintf$5) refers to retarget.o(.data) for __stdout
    printf5.o(i.__0vsnprintf$5) refers to printf5.o(i._printf_core) for _printf_core
    printf5.o(i.__0vsnprintf$5) refers to printf5.o(i._snputc) for _snputc
    printf5.o(i.__0vsprintf$5) refers to printf5.o(i._printf_core) for _printf_core
    printf5.o(i.__0vsprintf$5) refers to printf5.o(i._sputc) for _sputc
    printf5.o(i._printf_core) refers to uldiv.o(.text) for __aeabi_uldivmod
    printf6.o(i.__0fprintf$6) refers to printf6.o(i._printf_core) for _printf_core
    printf6.o(i.__0fprintf$6) refers to retarget.o(.text) for fputc
    printf6.o(i.__0printf$6) refers to printf6.o(i._printf_core) for _printf_core
    printf6.o(i.__0printf$6) refers to retarget.o(.text) for fputc
    printf6.o(i.__0printf$6) refers to retarget.o(.data) for __stdout
    printf6.o(i.__0snprintf$6) refers to printf6.o(i._printf_core) for _printf_core
    printf6.o(i.__0snprintf$6) refers to printf6.o(i._snputc) for _snputc
    printf6.o(i.__0sprintf$6) refers to printf6.o(i._printf_core) for _printf_core
    printf6.o(i.__0sprintf$6) refers to printf6.o(i._sputc) for _sputc
    printf6.o(i.__0vfprintf$6) refers to printf6.o(i._printf_core) for _printf_core
    printf6.o(i.__0vfprintf$6) refers to retarget.o(.text) for fputc
    printf6.o(i.__0vprintf$6) refers to printf6.o(i._printf_core) for _printf_core
    printf6.o(i.__0vprintf$6) refers to retarget.o(.text) for fputc
    printf6.o(i.__0vprintf$6) refers to retarget.o(.data) for __stdout
    printf6.o(i.__0vsnprintf$6) refers to printf6.o(i._printf_core) for _printf_core
    printf6.o(i.__0vsnprintf$6) refers to printf6.o(i._snputc) for _snputc
    printf6.o(i.__0vsprintf$6) refers to printf6.o(i._printf_core) for _printf_core
    printf6.o(i.__0vsprintf$6) refers to printf6.o(i._sputc) for _sputc
    printf6.o(i._printf_core) refers to printf6.o(i._printf_pre_padding) for _printf_pre_padding
    printf6.o(i._printf_core) refers to uidiv.o(.text) for __aeabi_uidivmod
    printf6.o(i._printf_core) refers to printf6.o(i._printf_post_padding) for _printf_post_padding
    printf7.o(i.__0fprintf$7) refers to printf7.o(i._printf_core) for _printf_core
    printf7.o(i.__0fprintf$7) refers to retarget.o(.text) for fputc
    printf7.o(i.__0printf$7) refers to printf7.o(i._printf_core) for _printf_core
    printf7.o(i.__0printf$7) refers to retarget.o(.text) for fputc
    printf7.o(i.__0printf$7) refers to retarget.o(.data) for __stdout
    printf7.o(i.__0snprintf$7) refers to printf7.o(i._printf_core) for _printf_core
    printf7.o(i.__0snprintf$7) refers to printf7.o(i._snputc) for _snputc
    printf7.o(i.__0sprintf$7) refers to printf7.o(i._printf_core) for _printf_core
    printf7.o(i.__0sprintf$7) refers to printf7.o(i._sputc) for _sputc
    printf7.o(i.__0vfprintf$7) refers to printf7.o(i._printf_core) for _printf_core
    printf7.o(i.__0vfprintf$7) refers to retarget.o(.text) for fputc
    printf7.o(i.__0vprintf$7) refers to printf7.o(i._printf_core) for _printf_core
    printf7.o(i.__0vprintf$7) refers to retarget.o(.text) for fputc
    printf7.o(i.__0vprintf$7) refers to retarget.o(.data) for __stdout
    printf7.o(i.__0vsnprintf$7) refers to printf7.o(i._printf_core) for _printf_core
    printf7.o(i.__0vsnprintf$7) refers to printf7.o(i._snputc) for _snputc
    printf7.o(i.__0vsprintf$7) refers to printf7.o(i._printf_core) for _printf_core
    printf7.o(i.__0vsprintf$7) refers to printf7.o(i._sputc) for _sputc
    printf7.o(i._printf_core) refers to printf7.o(i._printf_pre_padding) for _printf_pre_padding
    printf7.o(i._printf_core) refers to uldiv.o(.text) for __aeabi_uldivmod
    printf7.o(i._printf_core) refers to printf7.o(i._printf_post_padding) for _printf_post_padding
    printf8.o(i.__0fprintf$8) refers to printf8.o(i._printf_core) for _printf_core
    printf8.o(i.__0fprintf$8) refers to retarget.o(.text) for fputc
    printf8.o(i.__0printf$8) refers to printf8.o(i._printf_core) for _printf_core
    printf8.o(i.__0printf$8) refers to retarget.o(.text) for fputc
    printf8.o(i.__0printf$8) refers to retarget.o(.data) for __stdout
    printf8.o(i.__0snprintf$8) refers to printf8.o(i._printf_core) for _printf_core
    printf8.o(i.__0snprintf$8) refers to printf8.o(i._snputc) for _snputc
    printf8.o(i.__0sprintf$8) refers to printf8.o(i._printf_core) for _printf_core
    printf8.o(i.__0sprintf$8) refers to printf8.o(i._sputc) for _sputc
    printf8.o(i.__0vfprintf$8) refers to printf8.o(i._printf_core) for _printf_core
    printf8.o(i.__0vfprintf$8) refers to retarget.o(.text) for fputc
    printf8.o(i.__0vprintf$8) refers to printf8.o(i._printf_core) for _printf_core
    printf8.o(i.__0vprintf$8) refers to retarget.o(.text) for fputc
    printf8.o(i.__0vprintf$8) refers to retarget.o(.data) for __stdout
    printf8.o(i.__0vsnprintf$8) refers to printf8.o(i._printf_core) for _printf_core
    printf8.o(i.__0vsnprintf$8) refers to printf8.o(i._snputc) for _snputc
    printf8.o(i.__0vsprintf$8) refers to printf8.o(i._printf_core) for _printf_core
    printf8.o(i.__0vsprintf$8) refers to printf8.o(i._sputc) for _sputc
    printf8.o(i._printf_core) refers to printf8.o(i._printf_pre_padding) for _printf_pre_padding
    printf8.o(i._printf_core) refers to uldiv.o(.text) for __aeabi_uldivmod
    printf8.o(i._printf_core) refers to printf8.o(i._printf_post_padding) for _printf_post_padding
    printfa.o(i.__0fprintf) refers (Special) to iusefp.o(.text) for __I$use$fp
    printfa.o(i.__0fprintf) refers to printfa.o(i._printf_core) for _printf_core
    printfa.o(i.__0fprintf) refers to retarget.o(.text) for fputc
    printfa.o(i.__0printf) refers (Special) to iusefp.o(.text) for __I$use$fp
    printfa.o(i.__0printf) refers to printfa.o(i._printf_core) for _printf_core
    printfa.o(i.__0printf) refers to retarget.o(.text) for fputc
    printfa.o(i.__0printf) refers to retarget.o(.data) for __stdout
    printfa.o(i.__0snprintf) refers (Special) to iusefp.o(.text) for __I$use$fp
    printfa.o(i.__0snprintf) refers to printfa.o(i._printf_core) for _printf_core
    printfa.o(i.__0snprintf) refers to printfa.o(i._snputc) for _snputc
    printfa.o(i.__0sprintf) refers (Special) to iusefp.o(.text) for __I$use$fp
    printfa.o(i.__0sprintf) refers to printfa.o(i._printf_core) for _printf_core
    printfa.o(i.__0sprintf) refers to printfa.o(i._sputc) for _sputc
    printfa.o(i.__0vfprintf) refers (Special) to iusefp.o(.text) for __I$use$fp
    printfa.o(i.__0vfprintf) refers to printfa.o(i._printf_core) for _printf_core
    printfa.o(i.__0vfprintf) refers to retarget.o(.text) for fputc
    printfa.o(i.__0vprintf) refers (Special) to iusefp.o(.text) for __I$use$fp
    printfa.o(i.__0vprintf) refers to printfa.o(i._printf_core) for _printf_core
    printfa.o(i.__0vprintf) refers to retarget.o(.text) for fputc
    printfa.o(i.__0vprintf) refers to retarget.o(.data) for __stdout
    printfa.o(i.__0vsnprintf) refers (Special) to iusefp.o(.text) for __I$use$fp
    printfa.o(i.__0vsnprintf) refers to printfa.o(i._printf_core) for _printf_core
    printfa.o(i.__0vsnprintf) refers to printfa.o(i._snputc) for _snputc
    printfa.o(i.__0vsprintf) refers (Special) to iusefp.o(.text) for __I$use$fp
    printfa.o(i.__0vsprintf) refers to printfa.o(i._printf_core) for _printf_core
    printfa.o(i.__0vsprintf) refers to printfa.o(i._sputc) for _sputc
    printfa.o(i._fp_digits) refers (Special) to iusefp.o(.text) for __I$use$fp
    printfa.o(i._fp_digits) refers to dmul.o(.text) for __aeabi_dmul
    printfa.o(i._fp_digits) refers to ddiv.o(.text) for __aeabi_ddiv
    printfa.o(i._fp_digits) refers to cdrcmple.o(.text) for __aeabi_cdrcmple
    printfa.o(i._fp_digits) refers to dadd.o(.text) for __aeabi_dadd
    printfa.o(i._fp_digits) refers to dfixul.o(.text) for __aeabi_d2ulz
    printfa.o(i._fp_digits) refers to uldiv.o(.text) for __aeabi_uldivmod
    printfa.o(i._printf_core) refers (Special) to iusefp.o(.text) for __I$use$fp
    printfa.o(i._printf_core) refers to printfa.o(i._printf_pre_padding) for _printf_pre_padding
    printfa.o(i._printf_core) refers to uldiv.o(.text) for __aeabi_uldivmod
    printfa.o(i._printf_core) refers to printfa.o(i._printf_post_padding) for _printf_post_padding
    printfa.o(i._printf_core) refers to printfa.o(i._fp_digits) for _fp_digits
    printfa.o(i._printf_core) refers to uidiv.o(.text) for __aeabi_uidivmod
    printfa.o(i._printf_post_padding) refers (Special) to iusefp.o(.text) for __I$use$fp
    printfa.o(i._printf_pre_padding) refers (Special) to iusefp.o(.text) for __I$use$fp
    printfa.o(i._snputc) refers (Special) to iusefp.o(.text) for __I$use$fp
    printfa.o(i._sputc) refers (Special) to iusefp.o(.text) for __I$use$fp
    entry2.o(.ARM.Collect$$$$00000001) refers to entry2.o(.ARM.Collect$$$$00002712) for __lit__00000000
    entry2.o(.ARM.Collect$$$$00002712) refers to startup_m480.o(STACK) for __initial_sp
    entry2.o(__vectab_stack_and_reset_area) refers to startup_m480.o(STACK) for __initial_sp
    entry2.o(__vectab_stack_and_reset_area) refers to entry.o(.ARM.Collect$$$$00000000) for __main
    entry5.o(.ARM.Collect$$$$00000004) refers to init.o(.text) for __scatterload
    entry9a.o(.ARM.Collect$$$$0000000B) refers to cicd_poc.o(.text) for main
    entry9b.o(.ARM.Collect$$$$0000000C) refers to cicd_poc.o(.text) for main
    uldiv.o(.text) refers to llushr.o(.text) for __aeabi_llsr
    uldiv.o(.text) refers to llshl.o(.text) for __aeabi_llsl
    dadd.o(.text) refers to llshl.o(.text) for __aeabi_llsl
    dadd.o(.text) refers to llsshr.o(.text) for __aeabi_lasr
    dadd.o(.text) refers to depilogue.o(.text) for _double_epilogue
    dmul.o(.text) refers to depilogue.o(.text) for _double_epilogue
    ddiv.o(.text) refers to depilogue.o(.text) for _double_round
    dfixul.o(.text) refers to llushr.o(.text) for __aeabi_llsr
    dfixul.o(.text) refers to llshl.o(.text) for __aeabi_llsl
    init.o(.text) refers to entry5.o(.ARM.Collect$$$$00000004) for __main_after_scatterload
    depilogue.o(.text) refers to llshl.o(.text) for __aeabi_llsl
    depilogue.o(.text) refers to llushr.o(.text) for __aeabi_llsr


==============================================================================

Removing Unused input sections from the image.

    Removing system_m480.o(.rev16_text), (4 bytes).
    Removing system_m480.o(.revsh_text), (4 bytes).
    Removing system_m480.o(.rrx_text), (6 bytes).
    Removing startup_m480.o(HEAP), (256 bytes).
    Removing cicd_poc.o(.rev16_text), (4 bytes).
    Removing cicd_poc.o(.revsh_text), (4 bytes).
    Removing cicd_poc.o(.rrx_text), (6 bytes).
    Removing retarget.o(.rev16_text), (4 bytes).
    Removing retarget.o(.revsh_text), (4 bytes).
    Removing retarget.o(.rrx_text), (6 bytes).
    Removing retarget.o(.data), (1 bytes).
    Removing retarget.o(.data), (1 bytes).
    Removing retarget.o(.data), (1 bytes).
    Removing retarget.o(.data), (4 bytes).
    Removing retarget.o(.data), (4 bytes).
    Removing retarget.o(.data), (4 bytes).
    Removing retarget.o(.data), (4 bytes).
    Removing retarget.o(.data), (4 bytes).
    Removing retarget.o(.data), (4 bytes).
    Removing sys.o(.rev16_text), (4 bytes).
    Removing sys.o(.revsh_text), (4 bytes).
    Removing sys.o(.rrx_text), (6 bytes).
    Removing sys.o(.text), (188 bytes).
    Removing uart.o(.rev16_text), (4 bytes).
    Removing uart.o(.revsh_text), (4 bytes).
    Removing uart.o(.rrx_text), (6 bytes).
    Removing clk.o(.rev16_text), (4 bytes).
    Removing clk.o(.revsh_text), (4 bytes).
    Removing clk.o(.rrx_text), (6 bytes).
    Removing gpio.o(.rev16_text), (4 bytes).
    Removing gpio.o(.revsh_text), (4 bytes).
    Removing gpio.o(.rrx_text), (6 bytes).
    Removing timer.o(.rev16_text), (4 bytes).
    Removing timer.o(.revsh_text), (4 bytes).
    Removing timer.o(.rrx_text), (6 bytes).
    Removing timer.o(.text), (468 bytes).
    Removing timer.o(.constdata), (32 bytes).
    Removing spi.o(.rev16_text), (4 bytes).
    Removing spi.o(.revsh_text), (4 bytes).
    Removing spi.o(.rrx_text), (6 bytes).
    Removing spi.o(.text), (2940 bytes).
    Removing i2c.o(.rev16_text), (4 bytes).
    Removing i2c.o(.revsh_text), (4 bytes).
    Removing i2c.o(.rrx_text), (6 bytes).
    Removing i2c.o(.text), (2620 bytes).
    Removing fmc.o(.rev16_text), (4 bytes).
    Removing fmc.o(.revsh_text), (4 bytes).
    Removing fmc.o(.rrx_text), (6 bytes).
    Removing fmc.o(.text), (1964 bytes).
    Removing eadc.o(.rev16_text), (4 bytes).
    Removing eadc.o(.revsh_text), (4 bytes).
    Removing eadc.o(.rrx_text), (6 bytes).
    Removing eadc.o(.text), (124 bytes).
    Removing wdt.o(.rev16_text), (4 bytes).
    Removing wdt.o(.revsh_text), (4 bytes).
    Removing wdt.o(.rrx_text), (6 bytes).
    Removing wdt.o(.text), (28 bytes).
    Removing dadd.o(.text), (334 bytes).
    Removing dmul.o(.text), (228 bytes).
    Removing ddiv.o(.text), (222 bytes).
    Removing dfixul.o(.text), (48 bytes).
    Removing cdrcmple.o(.text), (48 bytes).
    Removing depilogue.o(.text), (186 bytes).

63 unused section(s) (total 9895 bytes) removed from the image.

==============================================================================

Image Symbol Table

    Local Symbols

    Symbol Name                              Value     Ov Type        Size  Object(Section)

    ../clib/microlib/division.c              0x00000000   Number         0  uidiv.o ABSOLUTE
    ../clib/microlib/division.c              0x00000000   Number         0  uldiv.o ABSOLUTE
    ../clib/microlib/init/entry.s            0x00000000   Number         0  entry8a.o ABSOLUTE
    ../clib/microlib/init/entry.s            0x00000000   Number         0  entry7b.o ABSOLUTE
    ../clib/microlib/init/entry.s            0x00000000   Number         0  entry7a.o ABSOLUTE
    ../clib/microlib/init/entry.s            0x00000000   Number         0  entry5.o ABSOLUTE
    ../clib/microlib/init/entry.s            0x00000000   Number         0  entry2.o ABSOLUTE
    ../clib/microlib/init/entry.s            0x00000000   Number         0  entry9b.o ABSOLUTE
    ../clib/microlib/init/entry.s            0x00000000   Number         0  entry.o ABSOLUTE
    ../clib/microlib/init/entry.s            0x00000000   Number         0  entry9a.o ABSOLUTE
    ../clib/microlib/init/entry.s            0x00000000   Number         0  entry8b.o ABSOLUTE
    ../clib/microlib/init/entry.s            0x00000000   Number         0  entry11b.o ABSOLUTE
    ../clib/microlib/init/entry.s            0x00000000   Number         0  entry11a.o ABSOLUTE
    ../clib/microlib/init/entry.s            0x00000000   Number         0  entry10b.o ABSOLUTE
    ../clib/microlib/init/entry.s            0x00000000   Number         0  entry10a.o ABSOLUTE
    ../clib/microlib/longlong.c              0x00000000   Number         0  llsshr.o ABSOLUTE
    ../clib/microlib/longlong.c              0x00000000   Number         0  llushr.o ABSOLUTE
    ../clib/microlib/longlong.c              0x00000000   Number         0  llshl.o ABSOLUTE
    ../clib/microlib/printf/printf.c         0x00000000   Number         0  printfa.o ABSOLUTE
    ../clib/microlib/printf/printf.c         0x00000000   Number         0  printf0.o ABSOLUTE
    ../clib/microlib/printf/printf.c         0x00000000   Number         0  printf8.o ABSOLUTE
    ../clib/microlib/printf/printf.c         0x00000000   Number         0  printf7.o ABSOLUTE
    ../clib/microlib/printf/printf.c         0x00000000   Number         0  printf6.o ABSOLUTE
    ../clib/microlib/printf/printf.c         0x00000000   Number         0  printf5.o ABSOLUTE
    ../clib/microlib/printf/printf.c         0x00000000   Number         0  printf4.o ABSOLUTE
    ../clib/microlib/printf/printf.c         0x00000000   Number         0  printf3.o ABSOLUTE
    ../clib/microlib/printf/printf.c         0x00000000   Number         0  printf2.o ABSOLUTE
    ../clib/microlib/printf/printf.c         0x00000000   Number         0  printf1.o ABSOLUTE
    ../clib/microlib/printf/printf.c         0x00000000   Number         0  printfb.o ABSOLUTE
    ../clib/microlib/printf/stubs.s          0x00000000   Number         0  stubs.o ABSOLUTE
    ../clib/microlib/string/memcpy.c         0x00000000   Number         0  memcpya.o ABSOLUTE
    ../clib/microlib/string/memcpy.c         0x00000000   Number         0  memcpyb.o ABSOLUTE
    ../clib/microlib/stubs.s                 0x00000000   Number         0  iusefp.o ABSOLUTE
    ../fplib/microlib/fpadd.c                0x00000000   Number         0  dadd.o ABSOLUTE
    ../fplib/microlib/fpdiv.c                0x00000000   Number         0  ddiv.o ABSOLUTE
    ../fplib/microlib/fpepilogue.c           0x00000000   Number         0  depilogue.o ABSOLUTE
    ../fplib/microlib/fpfix.c                0x00000000   Number         0  dfixul.o ABSOLUTE
    ../fplib/microlib/fpmul.c                0x00000000   Number         0  dmul.o ABSOLUTE
    ..\CICD_POC.c                            0x00000000   Number         0  cicd_poc.o ABSOLUTE
    ..\\CICD_POC.c                           0x00000000   Number         0  cicd_poc.o ABSOLUTE
    C:\Nuvoton\M480_BSP_CMSIS_V3.05.001\Library\Device\Nuvoton\M480\Source\ARM\startup_M480.s 0x00000000   Number         0  startup_m480.o ABSOLUTE
    C:\Nuvoton\M480_BSP_CMSIS_V3.05.001\Library\Device\Nuvoton\M480\Source\system_M480.c 0x00000000   Number         0  system_m480.o ABSOLUTE
    C:\Nuvoton\M480_BSP_CMSIS_V3.05.001\Library\StdDriver\src\clk.c 0x00000000   Number         0  clk.o ABSOLUTE
    C:\Nuvoton\M480_BSP_CMSIS_V3.05.001\Library\StdDriver\src\eadc.c 0x00000000   Number         0  eadc.o ABSOLUTE
    C:\Nuvoton\M480_BSP_CMSIS_V3.05.001\Library\StdDriver\src\fmc.c 0x00000000   Number         0  fmc.o ABSOLUTE
    C:\Nuvoton\M480_BSP_CMSIS_V3.05.001\Library\StdDriver\src\gpio.c 0x00000000   Number         0  gpio.o ABSOLUTE
    C:\Nuvoton\M480_BSP_CMSIS_V3.05.001\Library\StdDriver\src\i2c.c 0x00000000   Number         0  i2c.o ABSOLUTE
    C:\Nuvoton\M480_BSP_CMSIS_V3.05.001\Library\StdDriver\src\retarget.c 0x00000000   Number         0  retarget.o ABSOLUTE
    C:\Nuvoton\M480_BSP_CMSIS_V3.05.001\Library\StdDriver\src\spi.c 0x00000000   Number         0  spi.o ABSOLUTE
    C:\Nuvoton\M480_BSP_CMSIS_V3.05.001\Library\StdDriver\src\sys.c 0x00000000   Number         0  sys.o ABSOLUTE
    C:\Nuvoton\M480_BSP_CMSIS_V3.05.001\Library\StdDriver\src\timer.c 0x00000000   Number         0  timer.o ABSOLUTE
    C:\Nuvoton\M480_BSP_CMSIS_V3.05.001\Library\StdDriver\src\uart.c 0x00000000   Number         0  uart.o ABSOLUTE
    C:\Nuvoton\M480_BSP_CMSIS_V3.05.001\Library\StdDriver\src\wdt.c 0x00000000   Number         0  wdt.o ABSOLUTE
    C:\\Nuvoton\\M480_BSP_CMSIS_V3.05.001\\Library\\Device\\Nuvoton\\M480\\Source\\system_M480.c 0x00000000   Number         0  system_m480.o ABSOLUTE
    C:\\Nuvoton\\M480_BSP_CMSIS_V3.05.001\\Library\\StdDriver\\src\\clk.c 0x00000000   Number         0  clk.o ABSOLUTE
    C:\\Nuvoton\\M480_BSP_CMSIS_V3.05.001\\Library\\StdDriver\\src\\eadc.c 0x00000000   Number         0  eadc.o ABSOLUTE
    C:\\Nuvoton\\M480_BSP_CMSIS_V3.05.001\\Library\\StdDriver\\src\\fmc.c 0x00000000   Number         0  fmc.o ABSOLUTE
    C:\\Nuvoton\\M480_BSP_CMSIS_V3.05.001\\Library\\StdDriver\\src\\gpio.c 0x00000000   Number         0  gpio.o ABSOLUTE
    C:\\Nuvoton\\M480_BSP_CMSIS_V3.05.001\\Library\\StdDriver\\src\\i2c.c 0x00000000   Number         0  i2c.o ABSOLUTE
    C:\\Nuvoton\\M480_BSP_CMSIS_V3.05.001\\Library\\StdDriver\\src\\retarget.c 0x00000000   Number         0  retarget.o ABSOLUTE
    C:\\Nuvoton\\M480_BSP_CMSIS_V3.05.001\\Library\\StdDriver\\src\\spi.c 0x00000000   Number         0  spi.o ABSOLUTE
    C:\\Nuvoton\\M480_BSP_CMSIS_V3.05.001\\Library\\StdDriver\\src\\sys.c 0x00000000   Number         0  sys.o ABSOLUTE
    C:\\Nuvoton\\M480_BSP_CMSIS_V3.05.001\\Library\\StdDriver\\src\\timer.c 0x00000000   Number         0  timer.o ABSOLUTE
    C:\\Nuvoton\\M480_BSP_CMSIS_V3.05.001\\Library\\StdDriver\\src\\uart.c 0x00000000   Number         0  uart.o ABSOLUTE
    C:\\Nuvoton\\M480_BSP_CMSIS_V3.05.001\\Library\\StdDriver\\src\\wdt.c 0x00000000   Number         0  wdt.o ABSOLUTE
    cdrcmple.s                               0x00000000   Number         0  cdrcmple.o ABSOLUTE
    dc.s                                     0x00000000   Number         0  dc.o ABSOLUTE
    handlers.s                               0x00000000   Number         0  handlers.o ABSOLUTE
    init.s                                   0x00000000   Number         0  init.o ABSOLUTE
    RESET                                    0x00003000   Section      500  startup_m480.o(RESET)
    .ARM.Collect$$$$00000000                 0x000031f4   Section        0  entry.o(.ARM.Collect$$$$00000000)
    .ARM.Collect$$$$00000001                 0x000031f4   Section        4  entry2.o(.ARM.Collect$$$$00000001)
    .ARM.Collect$$$$00000004                 0x000031f8   Section        4  entry5.o(.ARM.Collect$$$$00000004)
    .ARM.Collect$$$$00000008                 0x000031fc   Section        0  entry7b.o(.ARM.Collect$$$$00000008)
    .ARM.Collect$$$$0000000A                 0x000031fc   Section        0  entry8b.o(.ARM.Collect$$$$0000000A)
    .ARM.Collect$$$$0000000B                 0x000031fc   Section        8  entry9a.o(.ARM.Collect$$$$0000000B)
    .ARM.Collect$$$$0000000D                 0x00003204   Section        0  entry10a.o(.ARM.Collect$$$$0000000D)
    .ARM.Collect$$$$0000000F                 0x00003204   Section        0  entry11a.o(.ARM.Collect$$$$0000000F)
    .ARM.Collect$$$$00002712                 0x00003204   Section        4  entry2.o(.ARM.Collect$$$$00002712)
    __lit__00000000                          0x00003204   Data           4  entry2.o(.ARM.Collect$$$$00002712)
    .emb_text                                0x00003208   Section       28  retarget.o(.emb_text)
    $v0                                      0x00003208   Number         0  retarget.o(.emb_text)
    .text                                    0x00003224   Section        0  system_m480.o(.text)
    .text                                    0x000032d4   Section      104  startup_m480.o(.text)
    $v0                                      0x000032d4   Number         0  startup_m480.o(.text)
    Default_Handler                          0x00003327   Thumb Code     2  startup_m480.o(.text)
    .text                                    0x0000333c   Section        0  cicd_poc.o(.text)
    .text                                    0x00003510   Section        0  retarget.o(.text)
    stackDump                                0x00003511   Thumb Code    72  retarget.o(.text)
    __tagsym$$used                           0x00003559   Number         0  retarget.o(.text)
    SendChar_ToUART                          0x00003569   Thumb Code    26  retarget.o(.text)
    SendChar                                 0x00003583   Thumb Code     2  retarget.o(.text)
    GetChar                                  0x00003585   Thumb Code    14  retarget.o(.text)
    .text                                    0x000036b0   Section        0  uart.o(.text)
    .text                                    0x00003b10   Section        0  clk.o(.text)
    .text                                    0x0000425c   Section        0  gpio.o(.text)
    .text                                    0x00004320   Section        0  uldiv.o(.text)
    .text                                    0x00004384   Section       36  init.o(.text)
    .text                                    0x000043a8   Section        0  llshl.o(.text)
    .text                                    0x000043c6   Section        0  llushr.o(.text)
    i.__0printf$5                            0x000043e8   Section        0  printf5.o(i.__0printf$5)
    i.__scatterload_copy                     0x00004408   Section       14  handlers.o(i.__scatterload_copy)
    i.__scatterload_null                     0x00004416   Section        2  handlers.o(i.__scatterload_null)
    i.__scatterload_zeroinit                 0x00004418   Section       14  handlers.o(i.__scatterload_zeroinit)
    i._printf_core                           0x00004428   Section        0  printf5.o(i._printf_core)
    _printf_core                             0x00004429   Thumb Code   658  printf5.o(i._printf_core)
    .constdata                               0x000046e8   Section       48  uart.o(.constdata)
    .constdata                               0x00004718   Section       32  clk.o(.constdata)
    .data                                    0x20000000   Section       44  system_m480.o(.data)
    .data                                    0x2000002c   Section        4  retarget.o(.data)
    STACK                                    0x20000030   Section     2048  startup_m480.o(STACK)

    Global Symbols

    Symbol Name                              Value     Ov Type        Size  Object(Section)

    BuildAttributes$$THM_ISAv4$E$P$D$K$B$S$7EM$VFPi3$EXTD16$VFPS$VFMA$PE$A:L22UL41UL21$X:L11$S22US41US21$IEEE1$IW$USESV6$~STKCKD$USESV7$~SHL$OSPACE$ROPI$EBA8$MICROLIB$REQ8$PRES8$EABIv2 0x00000000   Number         0  anon$$obj.o ABSOLUTE
    __ARM_use_no_argv                        0x00000000   Number         0  cicd_poc.o ABSOLUTE
    _printf_a                                0x00000000   Number         0  stubs.o ABSOLUTE
    _printf_c                                0x00000000   Number         0  stubs.o ABSOLUTE
    _printf_charcount                        0x00000000   Number         0  stubs.o ABSOLUTE
    _printf_d                                0x00000000   Number         0  stubs.o ABSOLUTE
    _printf_e                                0x00000000   Number         0  stubs.o ABSOLUTE
    _printf_f                                0x00000000   Number         0  stubs.o ABSOLUTE
    _printf_flags                            0x00000000   Number         0  stubs.o ABSOLUTE
    _printf_fp_dec                           0x00000000   Number         0  stubs.o ABSOLUTE
    _printf_fp_hex                           0x00000000   Number         0  stubs.o ABSOLUTE
    _printf_g                                0x00000000   Number         0  stubs.o ABSOLUTE
    _printf_i                                0x00000000   Number         0  stubs.o ABSOLUTE
    _printf_int_dec                          0x00000000   Number         0  stubs.o ABSOLUTE
    _printf_l                                0x00000000   Number         0  stubs.o ABSOLUTE
    _printf_lc                               0x00000000   Number         0  stubs.o ABSOLUTE
    _printf_ll                               0x00000000   Number         0  stubs.o ABSOLUTE
    _printf_lld                              0x00000000   Number         0  stubs.o ABSOLUTE
    _printf_lli                              0x00000000   Number         0  stubs.o ABSOLUTE
    _printf_llo                              0x00000000   Number         0  stubs.o ABSOLUTE
    _printf_llu                              0x00000000   Number         0  stubs.o ABSOLUTE
    _printf_llx                              0x00000000   Number         0  stubs.o ABSOLUTE
    _printf_longlong_dec                     0x00000000   Number         0  stubs.o ABSOLUTE
    _printf_longlong_hex                     0x00000000   Number         0  stubs.o ABSOLUTE
    _printf_longlong_oct                     0x00000000   Number         0  stubs.o ABSOLUTE
    _printf_ls                               0x00000000   Number         0  stubs.o ABSOLUTE
    _printf_mbtowc                           0x00000000   Number         0  stubs.o ABSOLUTE
    _printf_n                                0x00000000   Number         0  stubs.o ABSOLUTE
    _printf_o                                0x00000000   Number         0  stubs.o ABSOLUTE
    _printf_p                                0x00000000   Number         0  stubs.o ABSOLUTE
    _printf_percent                          0x00000000   Number         0  stubs.o ABSOLUTE
    _printf_pre_padding                      0x00000000   Number         0  stubs.o ABSOLUTE
    _printf_return_value                     0x00000000   Number         0  stubs.o ABSOLUTE
    _printf_s                                0x00000000   Number         0  stubs.o ABSOLUTE
    _printf_sizespec                         0x00000000   Number         0  stubs.o ABSOLUTE
    _printf_str                              0x00000000   Number         0  stubs.o ABSOLUTE
    _printf_truncate_signed                  0x00000000   Number         0  stubs.o ABSOLUTE
    _printf_truncate_unsigned                0x00000000   Number         0  stubs.o ABSOLUTE
    _printf_u                                0x00000000   Number         0  stubs.o ABSOLUTE
    _printf_wc                               0x00000000   Number         0  stubs.o ABSOLUTE
    _printf_wctomb                           0x00000000   Number         0  stubs.o ABSOLUTE
    _printf_widthprec                        0x00000000   Number         0  stubs.o ABSOLUTE
    _printf_x                                0x00000000   Number         0  stubs.o ABSOLUTE
    __cpp_initialize__aeabi_                  - Undefined Weak Reference
    __cxa_finalize                            - Undefined Weak Reference
    __decompress                              - Undefined Weak Reference
    _clock_init                               - Undefined Weak Reference
    _microlib_exit                            - Undefined Weak Reference
    __Vectors_Size                           0x000001f4   Number         0  startup_m480.o ABSOLUTE
    __Vectors                                0x00003000   Data           4  startup_m480.o(RESET)
    __Vectors_End                            0x000031f4   Data           0  startup_m480.o(RESET)
    __main                                   0x000031f5   Thumb Code     0  entry.o(.ARM.Collect$$$$00000000)
    _main_stk                                0x000031f5   Thumb Code     0  entry2.o(.ARM.Collect$$$$00000001)
    _main_scatterload                        0x000031f9   Thumb Code     0  entry5.o(.ARM.Collect$$$$00000004)
    __main_after_scatterload                 0x000031fd   Thumb Code     0  entry5.o(.ARM.Collect$$$$00000004)
    _main_clock                              0x000031fd   Thumb Code     0  entry7b.o(.ARM.Collect$$$$00000008)
    _main_cpp_init                           0x000031fd   Thumb Code     0  entry8b.o(.ARM.Collect$$$$0000000A)
    _main_init                               0x000031fd   Thumb Code     0  entry9a.o(.ARM.Collect$$$$0000000B)
    __rt_final_cpp                           0x00003205   Thumb Code     0  entry10a.o(.ARM.Collect$$$$0000000D)
    __rt_final_exit                          0x00003205   Thumb Code     0  entry11a.o(.ARM.Collect$$$$0000000F)
    HardFault_Handler                        0x00003209   Thumb Code    24  retarget.o(.emb_text)
    SystemCoreClockUpdate                    0x00003225   Thumb Code    64  system_m480.o(.text)
    SystemInit                               0x00003265   Thumb Code    84  system_m480.o(.text)
    Reset_Handler                            0x000032d5   Thumb Code    64  startup_m480.o(.text)
    NMI_Handler                              0x00003315   Thumb Code     2  startup_m480.o(.text)
    MemManage_Handler                        0x00003319   Thumb Code     2  startup_m480.o(.text)
    BusFault_Handler                         0x0000331b   Thumb Code     2  startup_m480.o(.text)
    UsageFault_Handler                       0x0000331d   Thumb Code     2  startup_m480.o(.text)
    SVC_Handler                              0x0000331f   Thumb Code     2  startup_m480.o(.text)
    DebugMon_Handler                         0x00003321   Thumb Code     2  startup_m480.o(.text)
    PendSV_Handler                           0x00003323   Thumb Code     2  startup_m480.o(.text)
    SysTick_Handler                          0x00003325   Thumb Code     2  startup_m480.o(.text)
    ACMP01_IRQHandler                        0x00003327   Thumb Code     0  startup_m480.o(.text)
    BOD_IRQHandler                           0x00003327   Thumb Code     0  startup_m480.o(.text)
    BPWM0_IRQHandler                         0x00003327   Thumb Code     0  startup_m480.o(.text)
    BPWM1_IRQHandler                         0x00003327   Thumb Code     0  startup_m480.o(.text)
    BRAKE0_IRQHandler                        0x00003327   Thumb Code     0  startup_m480.o(.text)
    BRAKE1_IRQHandler                        0x00003327   Thumb Code     0  startup_m480.o(.text)
    CAN0_IRQHandler                          0x00003327   Thumb Code     0  startup_m480.o(.text)
    CAN1_IRQHandler                          0x00003327   Thumb Code     0  startup_m480.o(.text)
    CAN2_IRQHandler                          0x00003327   Thumb Code     0  startup_m480.o(.text)
    CCAP_IRQHandler                          0x00003327   Thumb Code     0  startup_m480.o(.text)
    CKFAIL_IRQHandler                        0x00003327   Thumb Code     0  startup_m480.o(.text)
    CRYPTO_IRQHandler                        0x00003327   Thumb Code     0  startup_m480.o(.text)
    DAC_IRQHandler                           0x00003327   Thumb Code     0  startup_m480.o(.text)
    EADC00_IRQHandler                        0x00003327   Thumb Code     0  startup_m480.o(.text)
    EADC01_IRQHandler                        0x00003327   Thumb Code     0  startup_m480.o(.text)
    EADC02_IRQHandler                        0x00003327   Thumb Code     0  startup_m480.o(.text)
    EADC03_IRQHandler                        0x00003327   Thumb Code     0  startup_m480.o(.text)
    EADC10_IRQHandler                        0x00003327   Thumb Code     0  startup_m480.o(.text)
    EADC11_IRQHandler                        0x00003327   Thumb Code     0  startup_m480.o(.text)
    EADC12_IRQHandler                        0x00003327   Thumb Code     0  startup_m480.o(.text)
    EADC13_IRQHandler                        0x00003327   Thumb Code     0  startup_m480.o(.text)
    ECAP0_IRQHandler                         0x00003327   Thumb Code     0  startup_m480.o(.text)
    ECAP1_IRQHandler                         0x00003327   Thumb Code     0  startup_m480.o(.text)
    EHCI_IRQHandler                          0x00003327   Thumb Code     0  startup_m480.o(.text)
    EINT0_IRQHandler                         0x00003327   Thumb Code     0  startup_m480.o(.text)
    EINT1_IRQHandler                         0x00003327   Thumb Code     0  startup_m480.o(.text)
    EINT2_IRQHandler                         0x00003327   Thumb Code     0  startup_m480.o(.text)
    EINT3_IRQHandler                         0x00003327   Thumb Code     0  startup_m480.o(.text)
    EINT4_IRQHandler                         0x00003327   Thumb Code     0  startup_m480.o(.text)
    EINT5_IRQHandler                         0x00003327   Thumb Code     0  startup_m480.o(.text)
    EINT6_IRQHandler                         0x00003327   Thumb Code     0  startup_m480.o(.text)
    EINT7_IRQHandler                         0x00003327   Thumb Code     0  startup_m480.o(.text)
    EMAC_RX_IRQHandler                       0x00003327   Thumb Code     0  startup_m480.o(.text)
    EMAC_TX_IRQHandler                       0x00003327   Thumb Code     0  startup_m480.o(.text)
    EPWM0P0_IRQHandler                       0x00003327   Thumb Code     0  startup_m480.o(.text)
    EPWM0P1_IRQHandler                       0x00003327   Thumb Code     0  startup_m480.o(.text)
    EPWM0P2_IRQHandler                       0x00003327   Thumb Code     0  startup_m480.o(.text)
    EPWM1P0_IRQHandler                       0x00003327   Thumb Code     0  startup_m480.o(.text)
    EPWM1P1_IRQHandler                       0x00003327   Thumb Code     0  startup_m480.o(.text)
    EPWM1P2_IRQHandler                       0x00003327   Thumb Code     0  startup_m480.o(.text)
    GPA_IRQHandler                           0x00003327   Thumb Code     0  startup_m480.o(.text)
    GPB_IRQHandler                           0x00003327   Thumb Code     0  startup_m480.o(.text)
    GPC_IRQHandler                           0x00003327   Thumb Code     0  startup_m480.o(.text)
    GPD_IRQHandler                           0x00003327   Thumb Code     0  startup_m480.o(.text)
    GPE_IRQHandler                           0x00003327   Thumb Code     0  startup_m480.o(.text)
    GPF_IRQHandler                           0x00003327   Thumb Code     0  startup_m480.o(.text)
    GPG_IRQHandler                           0x00003327   Thumb Code     0  startup_m480.o(.text)
    GPH_IRQHandler                           0x00003327   Thumb Code     0  startup_m480.o(.text)
    I2C0_IRQHandler                          0x00003327   Thumb Code     0  startup_m480.o(.text)
    I2C1_IRQHandler                          0x00003327   Thumb Code     0  startup_m480.o(.text)
    I2C2_IRQHandler                          0x00003327   Thumb Code     0  startup_m480.o(.text)
    I2S0_IRQHandler                          0x00003327   Thumb Code     0  startup_m480.o(.text)
    IRC_IRQHandler                           0x00003327   Thumb Code     0  startup_m480.o(.text)
    OHCI_IRQHandler                          0x00003327   Thumb Code     0  startup_m480.o(.text)
    OPA0_IRQHandler                          0x00003327   Thumb Code     0  startup_m480.o(.text)
    PDMA_IRQHandler                          0x00003327   Thumb Code     0  startup_m480.o(.text)
    PWRWU_IRQHandler                         0x00003327   Thumb Code     0  startup_m480.o(.text)
    QEI0_IRQHandler                          0x00003327   Thumb Code     0  startup_m480.o(.text)
    QEI1_IRQHandler                          0x00003327   Thumb Code     0  startup_m480.o(.text)
    QSPI0_IRQHandler                         0x00003327   Thumb Code     0  startup_m480.o(.text)
    QSPI1_IRQHandler                         0x00003327   Thumb Code     0  startup_m480.o(.text)
    RAMPE_IRQHandler                         0x00003327   Thumb Code     0  startup_m480.o(.text)
    RTC_IRQHandler                           0x00003327   Thumb Code     0  startup_m480.o(.text)
    SC0_IRQHandler                           0x00003327   Thumb Code     0  startup_m480.o(.text)
    SC1_IRQHandler                           0x00003327   Thumb Code     0  startup_m480.o(.text)
    SC2_IRQHandler                           0x00003327   Thumb Code     0  startup_m480.o(.text)
    SDH0_IRQHandler                          0x00003327   Thumb Code     0  startup_m480.o(.text)
    SDH1_IRQHandler                          0x00003327   Thumb Code     0  startup_m480.o(.text)
    SPI0_IRQHandler                          0x00003327   Thumb Code     0  startup_m480.o(.text)
    SPI1_IRQHandler                          0x00003327   Thumb Code     0  startup_m480.o(.text)
    SPI2_IRQHandler                          0x00003327   Thumb Code     0  startup_m480.o(.text)
    SPI3_IRQHandler                          0x00003327   Thumb Code     0  startup_m480.o(.text)
    SPIM_IRQHandler                          0x00003327   Thumb Code     0  startup_m480.o(.text)
    TAMPER_IRQHandler                        0x00003327   Thumb Code     0  startup_m480.o(.text)
    TMR0_IRQHandler                          0x00003327   Thumb Code     0  startup_m480.o(.text)
    TMR1_IRQHandler                          0x00003327   Thumb Code     0  startup_m480.o(.text)
    TMR2_IRQHandler                          0x00003327   Thumb Code     0  startup_m480.o(.text)
    TMR3_IRQHandler                          0x00003327   Thumb Code     0  startup_m480.o(.text)
    TRNG_IRQHandler                          0x00003327   Thumb Code     0  startup_m480.o(.text)
    UART0_IRQHandler                         0x00003327   Thumb Code     0  startup_m480.o(.text)
    UART1_IRQHandler                         0x00003327   Thumb Code     0  startup_m480.o(.text)
    UART2_IRQHandler                         0x00003327   Thumb Code     0  startup_m480.o(.text)
    UART3_IRQHandler                         0x00003327   Thumb Code     0  startup_m480.o(.text)
    UART4_IRQHandler                         0x00003327   Thumb Code     0  startup_m480.o(.text)
    UART5_IRQHandler                         0x00003327   Thumb Code     0  startup_m480.o(.text)
    UART6_IRQHandler                         0x00003327   Thumb Code     0  startup_m480.o(.text)
    UART7_IRQHandler                         0x00003327   Thumb Code     0  startup_m480.o(.text)
    USBD20_IRQHandler                        0x00003327   Thumb Code     0  startup_m480.o(.text)
    USBD_IRQHandler                          0x00003327   Thumb Code     0  startup_m480.o(.text)
    USBOTG20_IRQHandler                      0x00003327   Thumb Code     0  startup_m480.o(.text)
    USBOTG_IRQHandler                        0x00003327   Thumb Code     0  startup_m480.o(.text)
    USCI0_IRQHandler                         0x00003327   Thumb Code     0  startup_m480.o(.text)
    USCI1_IRQHandler                         0x00003327   Thumb Code     0  startup_m480.o(.text)
    WDT_IRQHandler                           0x00003327   Thumb Code     0  startup_m480.o(.text)
    WWDT_IRQHandler                          0x00003327   Thumb Code     0  startup_m480.o(.text)
    SYS_Init                                 0x0000333d   Thumb Code    74  cicd_poc.o(.text)
    UART0_Init                               0x00003387   Thumb Code    10  cicd_poc.o(.text)
    main                                     0x00003391   Thumb Code   108  cicd_poc.o(.text)
    Hard_Fault_Handler                       0x00003559   Thumb Code    16  retarget.o(.text)
    kbhit                                    0x00003593   Thumb Code    10  retarget.o(.text)
    IsDebugFifoEmpty                         0x0000359d   Thumb Code    10  retarget.o(.text)
    _ttywrch                                 0x000035a7   Thumb Code     2  retarget.o(.text)
    fputc                                    0x000035a9   Thumb Code   114  retarget.o(.text)
    fgetc                                    0x0000361b   Thumb Code     2  retarget.o(.text)
    ferror                                   0x0000361d   Thumb Code     6  retarget.o(.text)
    UART_ClearIntFlag                        0x000036b1   Thumb Code    56  uart.o(.text)
    UART_Close                               0x000036e9   Thumb Code     6  uart.o(.text)
    UART_DisableFlowCtrl                     0x000036ef   Thumb Code    10  uart.o(.text)
    UART_DisableInt                          0x000036f9   Thumb Code     8  uart.o(.text)
    UART_EnableFlowCtrl                      0x00003701   Thumb Code    26  uart.o(.text)
    UART_EnableInt                           0x0000371b   Thumb Code     8  uart.o(.text)
    UART_Open                                0x00003723   Thumb Code   262  uart.o(.text)
    UART_Read                                0x00003829   Thumb Code    50  uart.o(.text)
    UART_SetLineConfig                       0x0000385b   Thumb Code   266  uart.o(.text)
    UART_SetTimeoutCnt                       0x00003965   Thumb Code    20  uart.o(.text)
    UART_SelectIrDAMode                      0x00003979   Thumb Code   268  uart.o(.text)
    UART_SelectRS485Mode                     0x00003a85   Thumb Code    26  uart.o(.text)
    UART_SelectLINMode                       0x00003a9f   Thumb Code    62  uart.o(.text)
    UART_Write                               0x00003add   Thumb Code    50  uart.o(.text)
    CLK_DisableModuleClock                   0x00003b11   Thumb Code    26  clk.o(.text)
    CLK_DisableCKO                           0x00003b2b   Thumb Code     4  clk.o(.text)
    CLK_SetModuleClock                       0x00003b2f   Thumb Code   186  clk.o(.text)
    CLK_EnableModuleClock                    0x00003be9   Thumb Code    24  clk.o(.text)
    CLK_EnableCKO                            0x00003c01   Thumb Code    38  clk.o(.text)
    CLK_PowerDown                            0x00003c27   Thumb Code    40  clk.o(.text)
    CLK_Idle                                 0x00003c4f   Thumb Code    26  clk.o(.text)
    CLK_GetHXTFreq                           0x00003c69   Thumb Code    18  clk.o(.text)
    CLK_GetLXTFreq                           0x00003c7b   Thumb Code    20  clk.o(.text)
    CLK_GetPCLK0Freq                         0x00003c8f   Thumb Code   100  clk.o(.text)
    CLK_GetPCLK1Freq                         0x00003cf3   Thumb Code   102  clk.o(.text)
    CLK_GetHCLKFreq                          0x00003d59   Thumb Code    12  clk.o(.text)
    CLK_GetCPUFreq                           0x00003d65   Thumb Code    12  clk.o(.text)
    CLK_WaitClockReady                       0x00003d71   Thumb Code    38  clk.o(.text)
    CLK_SetHCLK                              0x00003d97   Thumb Code    86  clk.o(.text)
    CLK_GetPLLClockFreq                      0x00003ded   Thumb Code    80  clk.o(.text)
    CLK_DisablePLL                           0x00003e3d   Thumb Code    14  clk.o(.text)
    CLK_EnablePLL                            0x00003e4b   Thumb Code   358  clk.o(.text)
    CLK_SetCoreClock                         0x00003fb1   Thumb Code   126  clk.o(.text)
    CLK_SetSysTickClockSrc                   0x0000402f   Thumb Code    16  clk.o(.text)
    CLK_EnableXtalRC                         0x0000403f   Thumb Code    12  clk.o(.text)
    CLK_DisableXtalRC                        0x0000404b   Thumb Code    12  clk.o(.text)
    CLK_EnableSysTick                        0x00004057   Thumb Code    52  clk.o(.text)
    CLK_DisableSysTick                       0x0000408b   Thumb Code    10  clk.o(.text)
    CLK_SetPowerDownMode                     0x00004095   Thumb Code   106  clk.o(.text)
    CLK_EnableDPDWKPin                       0x000040ff   Thumb Code    46  clk.o(.text)
    CLK_GetPMUWKSrc                          0x0000412d   Thumb Code     8  clk.o(.text)
    CLK_EnableSPDWKPin                       0x00004135   Thumb Code    34  clk.o(.text)
    CLK_GetModuleClockSource                 0x00004157   Thumb Code   128  clk.o(.text)
    CLK_GetModuleClockDivider                0x000041d7   Thumb Code    98  clk.o(.text)
    GPIO_SetMode                             0x0000425d   Thumb Code    44  gpio.o(.text)
    GPIO_EnableInt                           0x00004289   Thumb Code    40  gpio.o(.text)
    GPIO_DisableInt                          0x000042b1   Thumb Code    24  gpio.o(.text)
    GPIO_SetSlewCtl                          0x000042c9   Thumb Code    44  gpio.o(.text)
    GPIO_SetPullCtl                          0x000042f5   Thumb Code    44  gpio.o(.text)
    __aeabi_uldivmod                         0x00004321   Thumb Code    98  uldiv.o(.text)
    __scatterload                            0x00004385   Thumb Code    28  init.o(.text)
    __scatterload_rt2                        0x00004385   Thumb Code     0  init.o(.text)
    __aeabi_llsl                             0x000043a9   Thumb Code    30  llshl.o(.text)
    _ll_shift_l                              0x000043a9   Thumb Code     0  llshl.o(.text)
    __aeabi_llsr                             0x000043c7   Thumb Code    32  llushr.o(.text)
    _ll_ushift_r                             0x000043c7   Thumb Code     0  llushr.o(.text)
    __0printf$5                              0x000043e9   Thumb Code    22  printf5.o(i.__0printf$5)
    __1printf$5                              0x000043e9   Thumb Code     0  printf5.o(i.__0printf$5)
    __2printf                                0x000043e9   Thumb Code     0  printf5.o(i.__0printf$5)
    __scatterload_copy                       0x00004409   Thumb Code    14  handlers.o(i.__scatterload_copy)
    __scatterload_null                       0x00004417   Thumb Code     2  handlers.o(i.__scatterload_null)
    __scatterload_zeroinit                   0x00004419   Thumb Code    14  handlers.o(i.__scatterload_zeroinit)
    Region$$Table$$Base                      0x00004738   Number         0  anon$$obj.o(Region$$Table)
    Region$$Table$$Limit                     0x00004758   Number         0  anon$$obj.o(Region$$Table)
    SystemCoreClock                          0x20000000   Data           4  system_m480.o(.data)
    CyclesPerUs                              0x20000004   Data           4  system_m480.o(.data)
    PllClock                                 0x20000008   Data           4  system_m480.o(.data)
    gau32ClkSrcTbl                           0x2000000c   Data          32  system_m480.o(.data)
    __stdout                                 0x2000002c   Data           4  retarget.o(.data)
    __initial_sp                             0x20000830   Data           0  startup_m480.o(STACK)



==============================================================================

Memory Map of the image

  Image Entry point : 0x000032d5

  Load Region LR_1 (Base: 0x00003000, Size: 0x00001788, Max: 0xffffffff, ABSOLUTE)

    Execution Region ER_RO (Exec base: 0x00003000, Load base: 0x00003000, Size: 0x00001758, Max: 0xffffffff, ABSOLUTE)

    Exec Addr    Load Addr    Size         Type   Attr      Idx    E Section Name        Object

    0x00003000   0x00003000   0x000001f4   Data   RO          314    RESET               startup_m480.o
    0x000031f4   0x000031f4   0x00000000   Code   RO          647  * .ARM.Collect$$$$00000000  mc_w.l(entry.o)
    0x000031f4   0x000031f4   0x00000004   Code   RO          915    .ARM.Collect$$$$00000001  mc_w.l(entry2.o)
    0x000031f8   0x000031f8   0x00000004   Code   RO          918    .ARM.Collect$$$$00000004  mc_w.l(entry5.o)
    0x000031fc   0x000031fc   0x00000000   Code   RO          920    .ARM.Collect$$$$00000008  mc_w.l(entry7b.o)
    0x000031fc   0x000031fc   0x00000000   Code   RO          922    .ARM.Collect$$$$0000000A  mc_w.l(entry8b.o)
    0x000031fc   0x000031fc   0x00000008   Code   RO          923    .ARM.Collect$$$$0000000B  mc_w.l(entry9a.o)
    0x00003204   0x00003204   0x00000000   Code   RO          925    .ARM.Collect$$$$0000000D  mc_w.l(entry10a.o)
    0x00003204   0x00003204   0x00000000   Code   RO          927    .ARM.Collect$$$$0000000F  mc_w.l(entry11a.o)
    0x00003204   0x00003204   0x00000004   Code   RO          916    .ARM.Collect$$$$00002712  mc_w.l(entry2.o)
    0x00003208   0x00003208   0x0000001c   Code   RO          360    .emb_text           retarget.o
    0x00003224   0x00003224   0x000000b0   Code   RO            4    .text               system_m480.o
    0x000032d4   0x000032d4   0x00000068   Code   RO          315  * .text               startup_m480.o
    0x0000333c   0x0000333c   0x000001d4   Code   RO          322    .text               cicd_poc.o
    0x00003510   0x00003510   0x000001a0   Code   RO          361    .text               retarget.o
    0x000036b0   0x000036b0   0x0000045e   Code   RO          431    .text               uart.o
    0x00003b0e   0x00003b0e   0x00000002   PAD
    0x00003b10   0x00003b10   0x0000074c   Code   RO          456    .text               clk.o
    0x0000425c   0x0000425c   0x000000c4   Code   RO          481    .text               gpio.o
    0x00004320   0x00004320   0x00000062   Code   RO          931    .text               mc_w.l(uldiv.o)
    0x00004382   0x00004382   0x00000002   PAD
    0x00004384   0x00004384   0x00000024   Code   RO          944    .text               mc_w.l(init.o)
    0x000043a8   0x000043a8   0x0000001e   Code   RO          946    .text               mc_w.l(llshl.o)
    0x000043c6   0x000043c6   0x00000020   Code   RO          948    .text               mc_w.l(llushr.o)
    0x000043e6   0x000043e6   0x00000002   PAD
    0x000043e8   0x000043e8   0x00000020   Code   RO          787    i.__0printf$5       mc_w.l(printf5.o)
    0x00004408   0x00004408   0x0000000e   Code   RO          956    i.__scatterload_copy  mc_w.l(handlers.o)
    0x00004416   0x00004416   0x00000002   Code   RO          957    i.__scatterload_null  mc_w.l(handlers.o)
    0x00004418   0x00004418   0x0000000e   Code   RO          958    i.__scatterload_zeroinit  mc_w.l(handlers.o)
    0x00004426   0x00004426   0x00000002   PAD
    0x00004428   0x00004428   0x000002c0   Code   RO          794    i._printf_core      mc_w.l(printf5.o)
    0x000046e8   0x000046e8   0x00000030   Data   RO          432    .constdata          uart.o
    0x00004718   0x00004718   0x00000020   Data   RO          457    .constdata          clk.o
    0x00004738   0x00004738   0x00000020   Data   RO          954    Region$$Table       anon$$obj.o


    Execution Region ER_RW (Exec base: 0x20000000, Load base: 0x00004758, Size: 0x00000030, Max: 0xffffffff, ABSOLUTE)

    Exec Addr    Load Addr    Size         Type   Attr      Idx    E Section Name        Object

    0x20000000   0x00004758   0x0000002c   Data   RW            5    .data               system_m480.o
    0x2000002c   0x00004784   0x00000004   Data   RW          367    .data               retarget.o


    Execution Region ER_ZI (Exec base: 0x20000030, Load base: 0x00004788, Size: 0x00000800, Max: 0xffffffff, ABSOLUTE)

    Exec Addr    Load Addr    Size         Type   Attr      Idx    E Section Name        Object

    0x20000030        -       0x00000800   Zero   RW          312    STACK               startup_m480.o


==============================================================================

Image component sizes


      Code (inc. data)   RO Data    RW Data    ZI Data      Debug   Object Name

       468        276          0          0          0      84563   cicd_poc.o
      1868         88         32          0          0       9179   clk.o
       196          0          0          0          0       2030   gpio.o
       444        146          0          4          0      89442   retarget.o
       104         20        500          0       2048        988   startup_m480.o
       176         28          0         44          0      38369   system_m480.o
      1118         40         48          0          0       5744   uart.o

    ----------------------------------------------------------------------
      4376        598        612         48       2048     230315   Object Totals
         0          0         32          0          0          0   (incl. Generated)
         2          0          0          0          0          0   (incl. Padding)

    ----------------------------------------------------------------------

      Code (inc. data)   RO Data    RW Data    ZI Data      Debug   Library Member Name

         0          0          0          0          0          0   entry.o
         0          0          0          0          0          0   entry10a.o
         0          0          0          0          0          0   entry11a.o
         8          4          0          0          0          0   entry2.o
         4          0          0          0          0          0   entry5.o
         0          0          0          0          0          0   entry7b.o
         0          0          0          0          0          0   entry8b.o
         8          4          0          0          0          0   entry9a.o
        30          0          0          0          0          0   handlers.o
        36          8          0          0          0         68   init.o
        30          0          0          0          0         68   llshl.o
        32          0          0          0          0         68   llushr.o
       736         56          0          0          0        184   printf5.o
        98          0          0          0          0         92   uldiv.o

    ----------------------------------------------------------------------
       988         72          0          0          0        480   Library Totals
         6          0          0          0          0          0   (incl. Padding)

    ----------------------------------------------------------------------

      Code (inc. data)   RO Data    RW Data    ZI Data      Debug   Library Name

       982         72          0          0          0        480   mc_w.l

    ----------------------------------------------------------------------
       988         72          0          0          0        480   Library Totals

    ----------------------------------------------------------------------

==============================================================================


      Code (inc. data)   RO Data    RW Data    ZI Data      Debug   

      5364        670        612         48       2048     229643   Grand Totals
      5364        670        612         48       2048     229643   ELF Image Totals
      5364        670        612         48          0          0   ROM Totals

==============================================================================

    Total RO  Size (Code + RO Data)                 5976 (   5.84kB)
    Total RW  Size (RW Data + ZI Data)              2096 (   2.05kB)
    Total ROM Size (Code + RO Data + RW Data)       6024 (   5.88kB)

==============================================================================

